Executing action: all (aliases: build)
Running ninja in directory E:\xiaozhi-PhuongAnh-SdCard\build
Executing "ninja all"...
[1/35] Building ASM object esp-idf/main/CMakeFiles/__idf_main.dir/__/__/0.ogg.S.obj

[2/35] Building ASM object esp-idf/main/CMakeFiles/__idf_main.dir/__/__/1.ogg.S.obj

[3/35] Building ASM object esp-idf/main/CMakeFiles/__idf_main.dir/__/__/2.ogg.S.obj

[4/35] Building ASM object esp-idf/main/CMakeFiles/__idf_main.dir/__/__/3.ogg.S.obj

[5/35] Building ASM object esp-idf/main/CMakeFiles/__idf_main.dir/__/__/4.ogg.S.obj

[6/35] Building ASM object esp-idf/main/CMakeFiles/__idf_main.dir/__/__/5.ogg.S.obj

[7/35] Building ASM object esp-idf/main/CMakeFiles/__idf_main.dir/__/__/6.ogg.S.obj

[8/35] Building ASM object esp-idf/main/CMakeFiles/__idf_main.dir/__/__/8.ogg.S.obj

[9/35] Building ASM object esp-idf/main/CMakeFiles/__idf_main.dir/__/__/7.ogg.S.obj

[10/35] Building ASM object esp-idf/main/CMakeFiles/__idf_main.dir/__/__/9.ogg.S.obj

[11/35] Building ASM object esp-idf/main/CMakeFiles/__idf_main.dir/__/__/activation.ogg.S.obj

[12/35] Building ASM object esp-idf/main/CMakeFiles/__idf_main.dir/__/__/err_pin.ogg.S.obj

[13/35] Building ASM object esp-idf/main/CMakeFiles/__idf_main.dir/__/__/err_reg.ogg.S.obj

[14/35] Building ASM object esp-idf/main/CMakeFiles/__idf_main.dir/__/__/welcome.ogg.S.obj

[15/35] Building ASM object esp-idf/main/CMakeFiles/__idf_main.dir/__/__/upgrade.ogg.S.obj

[16/35] Building ASM object esp-idf/main/CMakeFiles/__idf_main.dir/__/__/wificonfig.ogg.S.obj

[17/35] Building ASM object esp-idf/main/CMakeFiles/__idf_main.dir/__/__/exclamation.ogg.S.obj

[18/35] Building ASM object esp-idf/main/CMakeFiles/__idf_main.dir/__/__/low_battery.ogg.S.obj

[19/35] Building ASM object esp-idf/main/CMakeFiles/__idf_main.dir/__/__/popup.ogg.S.obj

[20/35] Building ASM object esp-idf/main/CMakeFiles/__idf_main.dir/__/__/success.ogg.S.obj

[21/35] Building ASM object esp-idf/main/CMakeFiles/__idf_main.dir/__/__/vibration.ogg.S.obj

[22/35] Building ASM object esp-idf/main/CMakeFiles/__idf_main.dir/__/__/assets_index.html.S.obj

[23/35] Building CXX object esp-idf/main/CMakeFiles/__idf_main.dir/audio/wake_words/custom_wake_word.cc.obj

[24/35] Building ASM object esp-idf/main/CMakeFiles/__idf_main.dir/__/__/ota_index.html.S.obj

[25/35] Performing build step for 'bootloader'

[1/1] C:\Windows\system32\cmd.exe /C "cd /D E:\xiaozhi-PhuongAnh-SdCard\build\bootloader\esp-idf\esptool_py && D:\Espressif\python_env\idf5.5_py3.11_env\Scripts\python.exe D:/Espressif/frameworks/esp-idf-v5.5/components/partition_table/check_sizes.py --offset 0x8000 bootloader 0x0 E:/xiaozhi-PhuongAnh-SdCard/build/bootloader/bootloader.bin"


Bootloader binary size 0x4070 bytes. 0x3f90 bytes (50%) free.



[26/35] No install step for 'bootloader'

[27/35] Completed 'bootloader'

[28/35] Building CXX object esp-idf/main/CMakeFiles/__idf_main.dir/boards/xiaozhi-ai-iot-vietnam-lcd-sdcard/canbus/vehicle_assistant.cc.obj

FAILED: esp-idf/main/CMakeFiles/__idf_main.dir/boards/xiaozhi-ai-iot-vietnam-lcd-sdcard/canbus/vehicle_assistant.cc.obj 

ccache D:\Espressif\tools\xtensa-esp-elf\esp-14.2.0_20241119\xtensa-esp-elf\bin\xtensa-esp32s3-elf-g++.exe -DBOARD_NAME=\"xiaozhi-ai-iot-vietnam-lcd-sdcard\" -DBOARD_TYPE=\"xiaozhi-ai-iot-vietnam-lcd-sdcard\" -DBUILTIN_ICON_FONT=font_awesome_16_4 -DBUILTIN_TEXT_FONT=font_puhui_basic_16_4 -DESP_PLATFORM -DIDF_VER=\"v5.5\" -DLV_CONF_INCLUDE_SIMPLE -DLV_LVGL_H_INCLUDE_SIMPLE -DMBEDTLS_CONFIG_FILE=\"mbedtls/esp_config.h\" -DSOC_MMU_PAGE_SIZE=CONFIG_MMU_PAGE_SIZE -DSOC_XTAL_FREQ_MHZ=CONFIG_XTAL_FREQ -DUNITY_INCLUDE_CONFIG_H -D_GLIBCXX_HAVE_POSIX_SEMAPHORE -D_GLIBCXX_USE_POSIX_SEMAPHORE -D_GNU_SOURCE -D_POSIX_READER_WRITER_LOCKS -IE:/xiaozhi-PhuongAnh-SdCard/build/config -IE:/xiaozhi-PhuongAnh-SdCard/main -IE:/xiaozhi-PhuongAnh-SdCard/main/display -IE:/xiaozhi-PhuongAnh-SdCard/main/display/lvgl_display -IE:/xiaozhi-PhuongAnh-SdCard/main/display/lvgl_display/jpg -IE:/xiaozhi-PhuongAnh-SdCard/main/audio -IE:/xiaozhi-PhuongAnh-SdCard/main/protocols -IE:/xiaozhi-PhuongAnh-SdCard/main/music -IE:/xiaozhi-PhuongAnh-SdCard/main/boards/common -IE:/xiaozhi-PhuongAnh-SdCard/main/boards/xiaozhi-ai-iot-vietnam-lcd-sdcard/canbus -ID:/Espressif/frameworks/esp-idf-v5.5/components/newlib/platform_include -ID:/Espressif/frameworks/esp-idf-v5.5/components/freertos/config/include -ID:/Espressif/frameworks/esp-idf-v5.5/components/freertos/config/include/freertos -ID:/Espressif/frameworks/esp-idf-v5.5/components/freertos/config/xtensa/include -ID:/Espressif/frameworks/esp-idf-v5.5/components/freertos/FreeRTOS-Kernel/include -ID:/Espressif/frameworks/esp-idf-v5.5/components/freertos/FreeRTOS-Kernel/portable/xtensa/include -ID:/Espressif/frameworks/esp-idf-v5.5/components/freertos/FreeRTOS-Kernel/portable/xtensa/include/freertos -ID:/Espressif/frameworks/esp-idf-v5.5/components/freertos/esp_additions/include -ID:/Espressif/frameworks/esp-idf-v5.5/components/esp_hw_support/include -ID:/Espressif/frameworks/esp-idf-v5.5/components/esp_hw_support/include/soc -ID:/Espressif/frameworks/esp-idf-v5.5/components/esp_hw_support/include/soc/esp32s3 -ID:/Espressif/frameworks/esp-idf-v5.5/components/esp_hw_support/dma/include -ID:/Espressif/frameworks/esp-idf-v5.5/components/esp_hw_support/ldo/include -ID:/Espressif/frameworks/esp-idf-v5.5/components/esp_hw_support/debug_probe/include -ID:/Espressif/frameworks/esp-idf-v5.5/components/esp_hw_support/mspi_timing_tuning/include -ID:/Espressif/frameworks/esp-idf-v5.5/components/esp_hw_support/mspi_timing_tuning/tuning_scheme_impl/include -ID:/Espressif/frameworks/esp-idf-v5.5/components/esp_hw_support/power_supply/include -ID:/Espressif/frameworks/esp-idf-v5.5/components/esp_hw_support/port/esp32s3/. -ID:/Espressif/frameworks/esp-idf-v5.5/components/esp_hw_support/port/esp32s3/include -ID:/Espressif/frameworks/esp-idf-v5.5/components/esp_hw_support/mspi_timing_tuning/port/esp32s3/. -ID:/Espressif/frameworks/esp-idf-v5.5/components/esp_hw_support/mspi_timing_tuning/port/esp32s3/include -ID:/Espressif/frameworks/esp-idf-v5.5/components/heap/include -ID:/Espressif/frameworks/esp-idf-v5.5/components/heap/tlsf -ID:/Espressif/frameworks/esp-idf-v5.5/components/log/include -ID:/Espressif/frameworks/esp-idf-v5.5/components/soc/include -ID:/Espressif/frameworks/esp-idf-v5.5/components/soc/esp32s3 -ID:/Espressif/frameworks/esp-idf-v5.5/components/soc/esp32s3/include -ID:/Espressif/frameworks/esp-idf-v5.5/components/soc/esp32s3/register -ID:/Espressif/frameworks/esp-idf-v5.5/components/hal/platform_port/include -ID:/Espressif/frameworks/esp-idf-v5.5/components/hal/esp32s3/include -ID:/Espressif/frameworks/esp-idf-v5.5/components/hal/include -ID:/Espressif/frameworks/esp-idf-v5.5/components/esp_rom/include -ID:/Espressif/frameworks/esp-idf-v5.5/components/esp_rom/esp32s3/include -ID:/Espressif/frameworks/esp-idf-v5.5/components/esp_rom/esp32s3/include/esp32s3 -ID:/Espressif/frameworks/esp-idf-v5.5/components/esp_rom/esp32s3 -ID:/Espressif/frameworks/esp-idf-v5.5/components/esp_common/include -ID:/Espressif/frameworks/esp-idf-v5.5/components/esp_system/include -ID:/Espressif/frameworks/esp-idf-v5.5/components/esp_system/port/soc -ID:/Espressif/frameworks/esp-idf-v5.5/components/esp_system/port/include/private -ID:/Espressif/frameworks/esp-idf-v5.5/components/xtensa/esp32s3/include -ID:/Espressif/frameworks/esp-idf-v5.5/components/xtensa/include -ID:/Espressif/frameworks/esp-idf-v5.5/components/xtensa/deprecated_include -ID:/Espressif/frameworks/esp-idf-v5.5/components/esp_timer/include -ID:/Espressif/frameworks/esp-idf-v5.5/components/lwip/include -ID:/Espressif/frameworks/esp-idf-v5.5/components/lwip/include/apps -ID:/Espressif/frameworks/esp-idf-v5.5/components/lwip/include/apps/sntp -ID:/Espressif/frameworks/esp-idf-v5.5/components/lwip/lwip/src/include -ID:/Espressif/frameworks/esp-idf-v5.5/components/lwip/port/include -ID:/Espressif/frameworks/esp-idf-v5.5/components/lwip/port/freertos/include -ID:/Espressif/frameworks/esp-idf-v5.5/components/lwip/port/esp32xx/include -ID:/Espressif/frameworks/esp-idf-v5.5/components/lwip/port/esp32xx/include/arch -ID:/Espressif/frameworks/esp-idf-v5.5/components/lwip/port/esp32xx/include/sys -IE:/xiaozhi-PhuongAnh-SdCard/managed_components/78__esp-ml307/include -ID:/Espressif/frameworks/esp-idf-v5.5/components/esp_driver_gpio/include -ID:/Espressif/frameworks/esp-idf-v5.5/components/esp_driver_uart/include -ID:/Espressif/frameworks/esp-idf-v5.5/components/vfs/include -ID:/Espressif/frameworks/esp-idf-v5.5/components/esp-tls -ID:/Espressif/frameworks/esp-idf-v5.5/components/esp-tls/esp-tls-crypto -ID:/Espressif/frameworks/esp-idf-v5.5/components/mbedtls/port/include -ID:/Espressif/frameworks/esp-idf-v5.5/components/mbedtls/mbedtls/include -ID:/Espressif/frameworks/esp-idf-v5.5/components/mbedtls/mbedtls/library -ID:/Espressif/frameworks/esp-idf-v5.5/components/mbedtls/esp_crt_bundle/include -ID:/Espressif/frameworks/esp-idf-v5.5/components/mbedtls/mbedtls/3rdparty/everest/include -ID:/Espressif/frameworks/esp-idf-v5.5/components/mbedtls/mbedtls/3rdparty/p256-m -ID:/Espressif/frameworks/esp-idf-v5.5/components/mbedtls/mbedtls/3rdparty/p256-m/p256-m -ID:/Espressif/frameworks/esp-idf-v5.5/components/pthread/include -ID:/Espressif/frameworks/esp-idf-v5.5/components/mqtt/esp-mqtt/include -ID:/Espressif/frameworks/esp-idf-v5.5/components/esp_event/include -ID:/Espressif/frameworks/esp-idf-v5.5/components/tcp_transport/include -IE:/xiaozhi-PhuongAnh-SdCard/managed_components/78__esp-opus-encoder/include -IE:/xiaozhi-PhuongAnh-SdCard/managed_components/78__esp_lcd_nv3023/include -ID:/Espressif/frameworks/esp-idf-v5.5/components/esp_lcd/include -ID:/Espressif/frameworks/esp-idf-v5.5/components/esp_lcd/interface -ID:/Espressif/frameworks/esp-idf-v5.5/components/esp_lcd/rgb/include -ID:/Espressif/frameworks/esp-idf-v5.5/components/driver/deprecated -ID:/Espressif/frameworks/esp-idf-v5.5/components/driver/i2c/include -ID:/Espressif/frameworks/esp-idf-v5.5/components/driver/touch_sensor/include -ID:/Espressif/frameworks/esp-idf-v5.5/components/driver/twai/include -ID:/Espressif/frameworks/esp-idf-v5.5/components/driver/touch_sensor/esp32s3/include -ID:/Espressif/frameworks/esp-idf-v5.5/components/esp_pm/include -ID:/Espressif/frameworks/esp-idf-v5.5/components/esp_ringbuf/include -ID:/Espressif/frameworks/esp-idf-v5.5/components/esp_driver_pcnt/include -ID:/Espressif/frameworks/esp-idf-v5.5/components/esp_driver_gptimer/include -ID:/Espressif/frameworks/esp-idf-v5.5/components/esp_driver_spi/include -ID:/Espressif/frameworks/esp-idf-v5.5/components/esp_driver_mcpwm/include -ID:/Espressif/frameworks/esp-idf-v5.5/components/esp_driver_ana_cmpr/include -ID:/Espressif/frameworks/esp-idf-v5.5/components/esp_driver_i2s/include -ID:/Espressif/frameworks/esp-idf-v5.5/components/esp_driver_sdmmc/include -ID:/Espressif/frameworks/esp-idf-v5.5/components/sdmmc/include -ID:/Espressif/frameworks/esp-idf-v5.5/components/esp_driver_sdspi/include -ID:/Espressif/frameworks/esp-idf-v5.5/components/esp_driver_sdio/include -ID:/Espressif/frameworks/esp-idf-v5.5/components/esp_driver_dac/include -ID:/Espressif/frameworks/esp-idf-v5.5/components/esp_driver_rmt/include -ID:/Espressif/frameworks/esp-idf-v5.5/components/esp_driver_tsens/include -ID:/Espressif/frameworks/esp-idf-v5.5/components/esp_driver_sdm/include -ID:/Espressif/frameworks/esp-idf-v5.5/components/esp_driver_i2c/include -ID:/Espressif/frameworks/esp-idf-v5.5/components/esp_driver_ledc/include -ID:/Espressif/frameworks/esp-idf-v5.5/components/esp_driver_parlio/include -ID:/Espressif/frameworks/esp-idf-v5.5/components/esp_driver_usb_serial_jtag/include -ID:/Espressif/frameworks/esp-idf-v5.5/components/esp_driver_twai/include -IE:/xiaozhi-PhuongAnh-SdCard/managed_components/78__xiaozhi-fonts/include -IE:/xiaozhi-PhuongAnh-SdCard/managed_components/chmorgan__esp-libhelix-mp3/libhelix-mp3/pub -IE:/xiaozhi-PhuongAnh-SdCard/managed_components/espressif__adc_battery_estimation/include -ID:/Espressif/frameworks/esp-idf-v5.5/components/esp_adc/include -ID:/Espressif/frameworks/esp-idf-v5.5/components/esp_adc/interface -ID:/Espressif/frameworks/esp-idf-v5.5/components/esp_adc/esp32s3/include -ID:/Espressif/frameworks/esp-idf-v5.5/components/esp_adc/deprecated/include -IE:/xiaozhi-PhuongAnh-SdCard/managed_components/espressif__adc_mic -IE:/xiaozhi-PhuongAnh-SdCard/managed_components/espressif__button/include -IE:/xiaozhi-PhuongAnh-SdCard/managed_components/espressif__button/interface -IE:/xiaozhi-PhuongAnh-SdCard/managed_components/espressif__esp-sr/esp-tts/esp_tts_chinese/include -IE:/xiaozhi-PhuongAnh-SdCard/managed_components/espressif__esp-sr/include/esp32s3 -IE:/xiaozhi-PhuongAnh-SdCard/managed_components/espressif__esp-sr/src/include -ID:/Espressif/frameworks/esp-idf-v5.5/components/json/cJSON -ID:/Espressif/frameworks/esp-idf-v5.5/components/spiffs/include -ID:/Espressif/frameworks/esp-idf-v5.5/components/esp_partition/include -IE:/xiaozhi-PhuongAnh-SdCard/managed_components/espressif__esp32-camera/driver/include -IE:/xiaozhi-PhuongAnh-SdCard/managed_components/espressif__esp32-camera/conversions/include -IE:/xiaozhi-PhuongAnh-SdCard/managed_components/espressif__esp_jpeg/include -IE:/xiaozhi-PhuongAnh-SdCard/managed_components/espressif__esp_audio_codec/include -IE:/xiaozhi-PhuongAnh-SdCard/managed_components/espressif__esp_audio_codec/include/decoder -IE:/xiaozhi-PhuongAnh-SdCard/managed_components/espressif__esp_audio_codec/include/decoder/impl -IE:/xiaozhi-PhuongAnh-SdCard/managed_components/espressif__esp_audio_codec/include/encoder -IE:/xiaozhi-PhuongAnh-SdCard/managed_components/espressif__esp_audio_codec/include/encoder/impl -IE:/xiaozhi-PhuongAnh-SdCard/managed_components/espressif__esp_audio_codec/include/simple_dec -IE:/xiaozhi-PhuongAnh-SdCard/managed_components/espressif__esp_codec_dev/include -IE:/xiaozhi-PhuongAnh-SdCard/managed_components/espressif__esp_codec_dev/interface -IE:/xiaozhi-PhuongAnh-SdCard/managed_components/espressif__esp_codec_dev/device/include -IE:/xiaozhi-PhuongAnh-SdCard/managed_components/espressif__esp_image_effects/include -IE:/xiaozhi-PhuongAnh-SdCard/managed_components/espressif__esp_io_expander_tca9554/include -IE:/xiaozhi-PhuongAnh-SdCard/managed_components/espressif__esp_io_expander/include -IE:/xiaozhi-PhuongAnh-SdCard/managed_components/espressif__esp_io_expander_tca95xx_16bit/include -IE:/xiaozhi-PhuongAnh-SdCard/managed_components/espressif__esp_lcd_axs15231b/include -IE:/xiaozhi-PhuongAnh-SdCard/managed_components/espressif__esp_lcd_touch/include -IE:/xiaozhi-PhuongAnh-SdCard/managed_components/espressif__esp_lcd_gc9a01/include -IE:/xiaozhi-PhuongAnh-SdCard/managed_components/espressif__esp_lcd_ili9341/include -IE:/xiaozhi-PhuongAnh-SdCard/managed_components/espressif__esp_lcd_panel_io_additions/include -IE:/xiaozhi-PhuongAnh-SdCard/managed_components/espressif__esp_lcd_spd2010/include -IE:/xiaozhi-PhuongAnh-SdCard/managed_components/espressif__esp_lcd_st7701/include -IE:/xiaozhi-PhuongAnh-SdCard/managed_components/espressif__esp_lcd_st77916/include -IE:/xiaozhi-PhuongAnh-SdCard/managed_components/espressif__esp_lcd_st7796/include -IE:/xiaozhi-PhuongAnh-SdCard/managed_components/espressif__esp_lcd_touch_cst816s/include -IE:/xiaozhi-PhuongAnh-SdCard/managed_components/espressif__esp_lcd_touch_ft5x06/include -IE:/xiaozhi-PhuongAnh-SdCard/managed_components/espressif__esp_lcd_touch_gt1151/include -IE:/xiaozhi-PhuongAnh-SdCard/managed_components/espressif__esp_lcd_touch_gt911/include -IE:/xiaozhi-PhuongAnh-SdCard/managed_components/espressif__esp_lcd_touch_st7123/include -IE:/xiaozhi-PhuongAnh-SdCard/managed_components/espressif__esp_lvgl_port/include -IE:/xiaozhi-PhuongAnh-SdCard/managed_components/lvgl__lvgl -IE:/xiaozhi-PhuongAnh-SdCard/managed_components/lvgl__lvgl/src -IE:/xiaozhi-PhuongAnh-SdCard/managed_components -IE:/xiaozhi-PhuongAnh-SdCard/managed_components/lvgl__lvgl/examples -IE:/xiaozhi-PhuongAnh-SdCard/managed_components/lvgl__lvgl/demos -IE:/xiaozhi-PhuongAnh-SdCard/managed_components/espressif__esp_mmap_assets/include -IE:/xiaozhi-PhuongAnh-SdCard/managed_components/espressif__esp_new_jpeg/include -IE:/xiaozhi-PhuongAnh-SdCard/managed_components/espressif__esp_video/include -ID:/Espressif/frameworks/esp-idf-v5.5/components/esp_driver_cam/include -ID:/Espressif/frameworks/esp-idf-v5.5/components/esp_driver_cam/interface -ID:/Espressif/frameworks/esp-idf-v5.5/components/esp_driver_isp/include -ID:/Espressif/frameworks/esp-idf-v5.5/components/esp_mm/include -IE:/xiaozhi-PhuongAnh-SdCard/managed_components/espressif__esp_cam_sensor/include -IE:/xiaozhi-PhuongAnh-SdCard/managed_components/espressif__esp_sccb_intf/include -IE:/xiaozhi-PhuongAnh-SdCard/managed_components/espressif__esp_sccb_intf/interface -IE:/xiaozhi-PhuongAnh-SdCard/managed_components/espressif__esp_sccb_intf/sccb_i2c/include -IE:/xiaozhi-PhuongAnh-SdCard/managed_components/espressif__knob/include -IE:/xiaozhi-PhuongAnh-SdCard/managed_components/espressif__led_strip/include -IE:/xiaozhi-PhuongAnh-SdCard/managed_components/espressif__led_strip/interface -IE:/xiaozhi-PhuongAnh-SdCard/managed_components/espressif__qrcode/include -IE:/xiaozhi-PhuongAnh-SdCard/managed_components/espressif2022__esp_emote_gfx/include -IE:/xiaozhi-PhuongAnh-SdCard/managed_components/espressif2022__image_player/include -IE:/xiaozhi-PhuongAnh-SdCard/managed_components/tny-robotics__sh1106-esp-idf/include -IE:/xiaozhi-PhuongAnh-SdCard/managed_components/tuadenu__PhuongAnhesp-wifi-connect/include -ID:/Espressif/frameworks/esp-idf-v5.5/components/esp_http_server/include -ID:/Espressif/frameworks/esp-idf-v5.5/components/http_parser -ID:/Espressif/frameworks/esp-idf-v5.5/components/esp_wifi/include -ID:/Espressif/frameworks/esp-idf-v5.5/components/esp_wifi/include/local -ID:/Espressif/frameworks/esp-idf-v5.5/components/esp_wifi/wifi_apps/include -ID:/Espressif/frameworks/esp-idf-v5.5/components/esp_wifi/wifi_apps/nan_app/include -ID:/Espressif/frameworks/esp-idf-v5.5/components/esp_phy/include -ID:/Espressif/frameworks/esp-idf-v5.5/components/esp_phy/esp32s3/include -ID:/Espressif/frameworks/esp-idf-v5.5/components/esp_netif/include -ID:/Espressif/frameworks/esp-idf-v5.5/components/nvs_flash/include -IE:/xiaozhi-PhuongAnh-SdCard/managed_components/txp666__otto-emoji-gif-component/include -IE:/xiaozhi-PhuongAnh-SdCard/managed_components/waveshare__esp_lcd_sh8601/include -IE:/xiaozhi-PhuongAnh-SdCard/managed_components/waveshare__esp_lcd_touch_cst9217/include -IE:/xiaozhi-PhuongAnh-SdCard/managed_components/wvirgil123__sscma_client/include -IE:/xiaozhi-PhuongAnh-SdCard/managed_components/wvirgil123__sscma_client/interface -ID:/Espressif/frameworks/esp-idf-v5.5/components/esp_app_format/include -ID:/Espressif/frameworks/esp-idf-v5.5/components/esp_bootloader_format/include -ID:/Espressif/frameworks/esp-idf-v5.5/components/app_update/include -ID:/Espressif/frameworks/esp-idf-v5.5/components/bootloader_support/include -ID:/Espressif/frameworks/esp-idf-v5.5/components/bootloader_support/bootloader_flash/include -ID:/Espressif/frameworks/esp-idf-v5.5/components/efuse/include -ID:/Espressif/frameworks/esp-idf-v5.5/components/efuse/esp32s3/include -ID:/Espressif/frameworks/esp-idf-v5.5/components/spi_flash/include -ID:/Espressif/frameworks/esp-idf-v5.5/components/esp_security/include -ID:/Espressif/frameworks/esp-idf-v5.5/components/app_trace/include -ID:/Espressif/frameworks/esp-idf-v5.5/components/esp_vfs_console/include -ID:/Espressif/frameworks/esp-idf-v5.5/components/wpa_supplicant/include -ID:/Espressif/frameworks/esp-idf-v5.5/components/wpa_supplicant/port/include -ID:/Espressif/frameworks/esp-idf-v5.5/components/wpa_supplicant/esp_supplicant/include -ID:/Espressif/frameworks/esp-idf-v5.5/components/esp_coex/include -ID:/Espressif/frameworks/esp-idf-v5.5/components/esp_gdbstub/include -ID:/Espressif/frameworks/esp-idf-v5.5/components/unity/include -ID:/Espressif/frameworks/esp-idf-v5.5/components/unity/unity/src -ID:/Espressif/frameworks/esp-idf-v5.5/components/cmock/CMock/src -ID:/Espressif/frameworks/esp-idf-v5.5/components/console -ID:/Espressif/frameworks/esp-idf-v5.5/components/esp_driver_bitscrambler/include -ID:/Espressif/frameworks/esp-idf-v5.5/components/esp_psram/include -ID:/Espressif/frameworks/esp-idf-v5.5/components/esp_psram/xip_impl/include -ID:/Espressif/frameworks/esp-idf-v5.5/components/esp_driver_jpeg/include -ID:/Espressif/frameworks/esp-idf-v5.5/components/esp_driver_ppa/include -ID:/Espressif/frameworks/esp-idf-v5.5/components/esp_driver_touch_sens/include -ID:/Espressif/frameworks/esp-idf-v5.5/components/esp_driver_touch_sens/hw_ver2/include -ID:/Espressif/frameworks/esp-idf-v5.5/components/esp_eth/include -ID:/Espressif/frameworks/esp-idf-v5.5/components/esp_hid/include -ID:/Espressif/frameworks/esp-idf-v5.5/components/esp_http_client/include -ID:/Espressif/frameworks/esp-idf-v5.5/components/esp_https_ota/include -ID:/Espressif/frameworks/esp-idf-v5.5/components/esp_https_server/include -ID:/Espressif/frameworks/esp-idf-v5.5/components/protobuf-c/protobuf-c -ID:/Espressif/frameworks/esp-idf-v5.5/components/protocomm/include/common -ID:/Espressif/frameworks/esp-idf-v5.5/components/protocomm/include/security -ID:/Espressif/frameworks/esp-idf-v5.5/components/protocomm/include/transports -ID:/Espressif/frameworks/esp-idf-v5.5/components/protocomm/include/crypto/srp6a -ID:/Espressif/frameworks/esp-idf-v5.5/components/protocomm/proto-c -ID:/Espressif/frameworks/esp-idf-v5.5/components/esp_local_ctrl/include -ID:/Espressif/frameworks/esp-idf-v5.5/components/espcoredump/include -ID:/Espressif/frameworks/esp-idf-v5.5/components/espcoredump/include/port/xtensa -ID:/Espressif/frameworks/esp-idf-v5.5/components/wear_levelling/include -ID:/Espressif/frameworks/esp-idf-v5.5/components/fatfs/diskio -ID:/Espressif/frameworks/esp-idf-v5.5/components/fatfs/src -ID:/Espressif/frameworks/esp-idf-v5.5/components/fatfs/vfs -ID:/Espressif/frameworks/esp-idf-v5.5/components/idf_test/include -ID:/Espressif/frameworks/esp-idf-v5.5/components/idf_test/include/esp32s3 -ID:/Espressif/frameworks/esp-idf-v5.5/components/ieee802154/include -ID:/Espressif/frameworks/esp-idf-v5.5/components/nvs_sec_provider/include -ID:/Espressif/frameworks/esp-idf-v5.5/components/perfmon/include -ID:/Espressif/frameworks/esp-idf-v5.5/components/rt/include -ID:/Espressif/frameworks/esp-idf-v5.5/components/touch_element/include -ID:/Espressif/frameworks/esp-idf-v5.5/components/usb/include -ID:/Espressif/frameworks/esp-idf-v5.5/components/wifi_provisioning/include -IE:/xiaozhi-PhuongAnh-SdCard/managed_components/78__esp-opus/include -IE:/xiaozhi-PhuongAnh-SdCard/managed_components/espressif__dl_fft -IE:/xiaozhi-PhuongAnh-SdCard/managed_components/espressif__dl_fft/base -IE:/xiaozhi-PhuongAnh-SdCard/managed_components/espressif__dl_fft/base/isa -IE:/xiaozhi-PhuongAnh-SdCard/managed_components/espressif__esp-dsp/modules/dotprod/include -IE:/xiaozhi-PhuongAnh-SdCard/managed_components/espressif__esp-dsp/modules/support/include -IE:/xiaozhi-PhuongAnh-SdCard/managed_components/espressif__esp-dsp/modules/support/mem/include -IE:/xiaozhi-PhuongAnh-SdCard/managed_components/espressif__esp-dsp/modules/windows/include -IE:/xiaozhi-PhuongAnh-SdCard/managed_components/espressif__esp-dsp/modules/windows/hann/include -IE:/xiaozhi-PhuongAnh-SdCard/managed_components/espressif__esp-dsp/modules/windows/blackman/include -IE:/xiaozhi-PhuongAnh-SdCard/managed_components/espressif__esp-dsp/modules/windows/blackman_harris/include -IE:/xiaozhi-PhuongAnh-SdCard/managed_components/espressif__esp-dsp/modules/windows/blackman_nuttall/include -IE:/xiaozhi-PhuongAnh-SdCard/managed_components/espressif__esp-dsp/modules/windows/nuttall/include -IE:/xiaozhi-PhuongAnh-SdCard/managed_components/espressif__esp-dsp/modules/windows/flat_top/include -IE:/xiaozhi-PhuongAnh-SdCard/managed_components/espressif__esp-dsp/modules/iir/include -IE:/xiaozhi-PhuongAnh-SdCard/managed_components/espressif__esp-dsp/modules/fir/include -IE:/xiaozhi-PhuongAnh-SdCard/managed_components/espressif__esp-dsp/modules/math/include -IE:/xiaozhi-PhuongAnh-SdCard/managed_components/espressif__esp-dsp/modules/math/add/include -IE:/xiaozhi-PhuongAnh-SdCard/managed_components/espressif__esp-dsp/modules/math/sub/include -IE:/xiaozhi-PhuongAnh-SdCard/managed_components/espressif__esp-dsp/modules/math/mul/include -IE:/xiaozhi-PhuongAnh-SdCard/managed_components/espressif__esp-dsp/modules/math/addc/include -IE:/xiaozhi-PhuongAnh-SdCard/managed_components/espressif__esp-dsp/modules/math/mulc/include -IE:/xiaozhi-PhuongAnh-SdCard/managed_components/espressif__esp-dsp/modules/math/sqrt/include -IE:/xiaozhi-PhuongAnh-SdCard/managed_components/espressif__esp-dsp/modules/matrix/mul/include -IE:/xiaozhi-PhuongAnh-SdCard/managed_components/espressif__esp-dsp/modules/matrix/add/include -IE:/xiaozhi-PhuongAnh-SdCard/managed_components/espressif__esp-dsp/modules/matrix/addc/include -IE:/xiaozhi-PhuongAnh-SdCard/managed_components/espressif__esp-dsp/modules/matrix/mulc/include -IE:/xiaozhi-PhuongAnh-SdCard/managed_components/espressif__esp-dsp/modules/matrix/sub/include -IE:/xiaozhi-PhuongAnh-SdCard/managed_components/espressif__esp-dsp/modules/matrix/include -IE:/xiaozhi-PhuongAnh-SdCard/managed_components/espressif__esp-dsp/modules/fft/include -IE:/xiaozhi-PhuongAnh-SdCard/managed_components/espressif__esp-dsp/modules/dct/include -IE:/xiaozhi-PhuongAnh-SdCard/managed_components/espressif__esp-dsp/modules/conv/include -IE:/xiaozhi-PhuongAnh-SdCard/managed_components/espressif__esp-dsp/modules/common/include -IE:/xiaozhi-PhuongAnh-SdCard/managed_components/espressif__esp-dsp/modules/matrix/mul/test/include -IE:/xiaozhi-PhuongAnh-SdCard/managed_components/espressif__esp-dsp/modules/kalman/ekf/include -IE:/xiaozhi-PhuongAnh-SdCard/managed_components/espressif__esp-dsp/modules/kalman/ekf_imu13states/include -IE:/xiaozhi-PhuongAnh-SdCard/managed_components/espressif__usb_host_uvc/include -IE:/xiaozhi-PhuongAnh-SdCard/build/esp-idf/espressif__freetype/output/include -IE:/xiaozhi-PhuongAnh-SdCard/managed_components/espressif__freetype/freetype/include -mlongcalls  -fno-builtin-memcpy -fno-builtin-memset -fno-builtin-bzero -fno-builtin-stpcpy -fno-builtin-strncpy -fdiagnostics-color=always -Wno-missing-field-initializers -fdiagnostics-color=always -ffunction-sections -fdata-sections -Wall -Werror=all -Wno-error=unused-function -Wno-error=unused-variable -Wno-error=unused-but-set-variable -Wno-error=deprecated-declarations -Wextra -Wno-error=extra -Wno-unused-parameter -Wno-sign-compare -Wno-enum-conversion -gdwarf-4 -ggdb -mdisable-hardware-atomics -Os -freorder-blocks -fmacro-prefix-map=E:/xiaozhi-PhuongAnh-SdCard=. -fmacro-prefix-map=D:/Espressif/frameworks/esp-idf-v5.5=/IDF -fstrict-volatile-bitfields -fno-jump-tables -fno-tree-switch-conversion -std=gnu++2b -fexceptions -frtti -fuse-cxa-atexit -DESP_LCD_NV3023_VER_MAJOR=1 -DESP_LCD_NV3023_VER_MINOR=0 -DESP_LCD_NV3023_VER_PATCH=0 -DADC_BATTERY_ESTIMATION_VER_MAJOR=0 -DADC_BATTERY_ESTIMATION_VER_MINOR=2 -DADC_BATTERY_ESTIMATION_VER_PATCH=1 -DADC_MIC_VER_MAJOR=0 -DADC_MIC_VER_MINOR=2 -DADC_MIC_VER_PATCH=1 -DBUTTON_VER_MAJOR=4 -DBUTTON_VER_MINOR=1 -DBUTTON_VER_PATCH=5 -DESP_LCD_AXS15231B_VER_MAJOR=1 -DESP_LCD_AXS15231B_VER_MINOR=0 -DESP_LCD_AXS15231B_VER_PATCH=1 -DESP_LCD_GC9A01_VER_MAJOR=2 -DESP_LCD_GC9A01_VER_MINOR=0 -DESP_LCD_GC9A01_VER_PATCH=1 -DESP_LCD_ILI9341_VER_MAJOR=1 -DESP_LCD_ILI9341_VER_MINOR=2 -DESP_LCD_ILI9341_VER_PATCH=0 -DESP_LCD_PANEL_IO_ADDITIONS_VER_MAJOR=1 -DESP_LCD_PANEL_IO_ADDITIONS_VER_MINOR=0 -DESP_LCD_PANEL_IO_ADDITIONS_VER_PATCH=1 -DESP_LCD_SPD2010_VER_MAJOR=1 -DESP_LCD_SPD2010_VER_MINOR=0 -DESP_LCD_SPD2010_VER_PATCH=2 -DESP_LCD_ST7701_VER_MAJOR=1 -DESP_LCD_ST7701_VER_MINOR=1 -DESP_LCD_ST7701_VER_PATCH=5 -DESP_LCD_ST77916_VER_MAJOR=1 -DESP_LCD_ST77916_VER_MINOR=0 -DESP_LCD_ST77916_VER_PATCH=1 -DESP_LCD_ST7796_VER_MAJOR=1 -DESP_LCD_ST7796_VER_MINOR=3 -DESP_LCD_ST7796_VER_PATCH=5 -DESP_LCD_TOUCH_ST7123_VER_MAJOR=1 -DESP_LCD_TOUCH_ST7123_VER_MINOR=0 -DESP_LCD_TOUCH_ST7123_VER_PATCH=1 -DESP_MMAP_ASSETS_VER_MAJOR=1 -DESP_MMAP_ASSETS_VER_MINOR=4 -DESP_MMAP_ASSETS_VER_PATCH=0 -DESP_VIDEO_VER_MAJOR=1 -DESP_VIDEO_VER_MINOR=3 -DESP_VIDEO_VER_PATCH=1 -DESP_CAM_SENSOR_VER_MAJOR=1 -DESP_CAM_SENSOR_VER_MINOR=5 -DESP_CAM_SENSOR_VER_PATCH=2 -DKNOB_VER_MAJOR=1 -DKNOB_VER_MINOR=0 -DKNOB_VER_PATCH=2 -DESP_LCD_SH8601_VER_MAJOR=1 -DESP_LCD_SH8601_VER_MINOR=0 -DESP_LCD_SH8601_VER_PATCH=2 -MD -MT esp-idf/main/CMakeFiles/__idf_main.dir/boards/xiaozhi-ai-iot-vietnam-lcd-sdcard/canbus/vehicle_assistant.cc.obj -MF esp-idf\main\CMakeFiles\__idf_main.dir\boards\xiaozhi-ai-iot-vietnam-lcd-sdcard\canbus\vehicle_assistant.cc.obj.d -o esp-idf/main/CMakeFiles/__idf_main.dir/boards/xiaozhi-ai-iot-vietnam-lcd-sdcard/canbus/vehicle_assistant.cc.obj -c E:/xiaozhi-PhuongAnh-SdCard/main/boards/xiaozhi-ai-iot-vietnam-lcd-sdcard/canbus/vehicle_assistant.cc
In file included from E:/xiaozhi-PhuongAnh-SdCard/main/boards/xiaozhi-ai-iot-vietnam-lcd-sdcard/canbus/vehicle_assistant.cc:11:
E:/xiaozhi-PhuongAnh-SdCard/main/boards/xiaozhi-ai-iot-vietnam-lcd-sdcard/canbus/vehicle_assistant.h:285:10: error: 'map' in namespace 'std' does not name a template type
  285 |     std::map<AlertType, int64_t> last_alert_time_;
      |          ^~~
E:/xiaozhi-PhuongAnh-SdCard/main/boards/xiaozhi-ai-iot-vietnam-lcd-sdcard/canbus/vehicle_assistant.h:25:1: note: 'std::map' is defined in header '<map>'; this is probably fixable by adding '#include <map>'
   24 | #include <string>
  +++ |+#include <map>
   25 | #include <atomic>
E:/xiaozhi-PhuongAnh-SdCard/main/boards/xiaozhi-ai-iot-vietnam-lcd-sdcard/canbus/vehicle_assistant.cc: In member function 'bool vehicle::VehicleAssistant::ShouldSendAlert(vehicle::AlertType)':
E:/xiaozhi-PhuongAnh-SdCard/main/boards/xiaozhi-ai-iot-vietnam-lcd-sdcard/canbus/vehicle_assistant.cc:542:19: error: 'last_alert_time_' was not declared in this scope
  542 |         auto it = last_alert_time_.find(type);
      |                   ^~~~~~~~~~~~~~~~
E:/xiaozhi-PhuongAnh-SdCard/main/boards/xiaozhi-ai-iot-vietnam-lcd-sdcard/canbus/vehicle_assistant.cc: In member function 'void vehicle::VehicleAssistant::RecordAlertSent(vehicle::AlertType)':

E:/xiaozhi-PhuongAnh-SdCard/main/boards/xiaozhi-ai-iot-vietnam-lcd-sdcard/canbus/vehicle_assistant.cc:560:9: error: 'last_alert_time_' was not declared in this scope

  560 |         last_alert_time_[type] = now;

      |         ^~~~~~~~~~~~~~~~

[29/35] Building CXX object esp-idf/main/CMakeFiles/__idf_main.dir/boards/xiaozhi-ai-iot-vietnam-lcd-sdcard/canbus/canbus_driver.cc.obj

ninja: build stopped: subcommand failed.

python.exe : ninja failed with exit code 1, output of the command is in the 
E:\xiaozhi-PhuongAnh-SdCard\build\log\idf_py_stderr_output_10752 and 
E:\xiaozhi-PhuongAnh-SdCard\build\log\idf_py_stdout_output_10752
At C:\Users\Admin\.vscode\extensions\espressif.esp-idf-extension-2.0.1\export.ps1:3 char:5
+     & python.exe `
+     ~~~~~~~~~~~~~~
    + CategoryInfo          : NotSpecified: (ninja failed wi...ut_output_10752:String) [], RemoteExcept 
   ion
    + FullyQualifiedErrorId : NativeCommandError
 
