cmd : Activating ESP-IDF 5.5
At line:1 char:1
+ cmd /c "call D:\Espressif\frameworks\esp-idf-v5.5\export.bat && idf.p ...
+ ~~~~~~~~~~~~~~~~~~~~~~~~~~~~~~~~~~~~~~~~~~~~~~~~~~~~~~~~~~~~~~~~~~~~~
    + CategoryInfo          : NotSpecified: (Activating ESP-IDF 5.5:String) [],  
   RemoteException
    + FullyQualifiedErrorId : NativeCommandError
 
Setting IDF_PATH to 'D:\Espressif\frameworks\esp-idf-v5.5'.
* Checking python version ... 3.11.2
* Checking python dependencies ... OK
* Deactivating the current ESP-IDF environment (if any) ... OK
